22:32:16 **** Incremental Build of configuration Debug for project MECSOL2024 ****
make -j8 all 
arm-none-eabi-gcc "../Core/Src/i2c.c" -mcpu=cortex-m4 -std=gnu11 -g3 -DDEBUG -DUSE_HAL_DRIVER -DSTM32F411xE -c -I../Core/Inc -IC:/Users/eduar/STM32Cube/Repository/STM32Cube_FW_F4_V1.28.0/Drivers/STM32F4xx_HAL_Driver/Inc -IC:/Users/eduar/STM32Cube/Repository/STM32Cube_FW_F4_V1.28.0/Drivers/STM32F4xx_HAL_Driver/Inc/Legacy -IC:/Users/eduar/STM32Cube/Repository/STM32Cube_FW_F4_V1.28.0/Drivers/CMSIS/Device/ST/STM32F4xx/Include -IC:/Users/eduar/STM32Cube/Repository/STM32Cube_FW_F4_V1.28.0/Drivers/CMSIS/Include -O0 -ffunction-sections -fdata-sections -Wall -fstack-usage -fcyclomatic-complexity -MMD -MP -MF"Core/Src/i2c.d" -MT"Core/Src/i2c.o" --specs=nano.specs -mfpu=fpv4-sp-d16 -mfloat-abi=hard -mthumb -o "Core/Src/i2c.o"
arm-none-eabi-gcc "../Core/Src/usart.c" -mcpu=cortex-m4 -std=gnu11 -g3 -DDEBUG -DUSE_HAL_DRIVER -DSTM32F411xE -c -I../Core/Inc -IC:/Users/eduar/STM32Cube/Repository/STM32Cube_FW_F4_V1.28.0/Drivers/STM32F4xx_HAL_Driver/Inc -IC:/Users/eduar/STM32Cube/Repository/STM32Cube_FW_F4_V1.28.0/Drivers/STM32F4xx_HAL_Driver/Inc/Legacy -IC:/Users/eduar/STM32Cube/Repository/STM32Cube_FW_F4_V1.28.0/Drivers/CMSIS/Device/ST/STM32F4xx/Include -IC:/Users/eduar/STM32Cube/Repository/STM32Cube_FW_F4_V1.28.0/Drivers/CMSIS/Include -O0 -ffunction-sections -fdata-sections -Wall -fstack-usage -fcyclomatic-complexity -MMD -MP -MF"Core/Src/usart.d" -MT"Core/Src/usart.o" --specs=nano.specs -mfpu=fpv4-sp-d16 -mfloat-abi=hard -mthumb -o "Core/Src/usart.o"
arm-none-eabi-gcc -o "MECSOL2024.elf" @"objects.list"   -mcpu=cortex-m4 -T"C:\Users\eduar\Documents\GitHub\GVT\AST_MPU6050_STM32\MECSOL2024\MECSOL2024\MECSOL2024\STM32F411RETX_FLASH.ld" --specs=nosys.specs -Wl,-Map="MECSOL2024.map" -Wl,--gc-sections -static --specs=nano.specs -mfpu=fpv4-sp-d16 -mfloat-abi=hard -mthumb -Wl,--start-group -lc -lm -Wl,--end-group
Finished building target: MECSOL2024.elf
 
arm-none-eabi-size  MECSOL2024.elf 
arm-none-eabi-objdump -h -S MECSOL2024.elf  > "MECSOL2024.list"
   text	   data	    bss	    dec	    hex	filename
  23148	    120	   2304	  25572	   63e4	MECSOL2024.elf
Finished building: default.size.stdout
 
Finished building: MECSOL2024.list
 
22:32:20 **** Incremental Build of configuration Debug for project MECSOL2024 ****
make -j8 all 
arm-none-eabi-size  MECSOL2024.elf 
   text	   data	    bss	    dec	    hex	filename
  23148	    120	   2304	  25572	   63e4	MECSOL2024.elf
Finished building: default.size.stdout
 
22:39:29 **** Incremental Build of configuration Debug for project MECSOL2024 ****
make -j8 all 
arm-none-eabi-gcc "../Core/Src/usart.c" -mcpu=cortex-m4 -std=gnu11 -g3 -DDEBUG -DUSE_HAL_DRIVER -DSTM32F411xE -c -I../Core/Inc -IC:/Users/eduar/STM32Cube/Repository/STM32Cube_FW_F4_V1.28.0/Drivers/STM32F4xx_HAL_Driver/Inc -IC:/Users/eduar/STM32Cube/Repository/STM32Cube_FW_F4_V1.28.0/Drivers/STM32F4xx_HAL_Driver/Inc/Legacy -IC:/Users/eduar/STM32Cube/Repository/STM32Cube_FW_F4_V1.28.0/Drivers/CMSIS/Device/ST/STM32F4xx/Include -IC:/Users/eduar/STM32Cube/Repository/STM32Cube_FW_F4_V1.28.0/Drivers/CMSIS/Include -O0 -ffunction-sections -fdata-sections -Wall -fstack-usage -fcyclomatic-complexity -MMD -MP -MF"Core/Src/usart.d" -MT"Core/Src/usart.o" --specs=nano.specs -mfpu=fpv4-sp-d16 -mfloat-abi=hard -mthumb -o "Core/Src/usart.o"
arm-none-eabi-gcc -o "MECSOL2024.elf" @"objects.list"   -mcpu=cortex-m4 -T"C:\Users\eduar\Documents\GitHub\GVT\AST_MPU6050_STM32\MECSOL2024\MECSOL2024\MECSOL2024\STM32F411RETX_FLASH.ld" --specs=nosys.specs -Wl,-Map="MECSOL2024.map" -Wl,--gc-sections -static --specs=nano.specs -mfpu=fpv4-sp-d16 -mfloat-abi=hard -mthumb -Wl,--start-group -lc -lm -Wl,--end-group
Finished building target: MECSOL2024.elf
 
arm-none-eabi-size  MECSOL2024.elf 
arm-none-eabi-objdump -h -S MECSOL2024.elf  > "MECSOL2024.list"
   text	   data	    bss	    dec	    hex	filename
  23148	    120	   2304	  25572	   63e4	MECSOL2024.elf
Finished building: default.size.stdout
 
Finished building: MECSOL2024.list
 
22:42:38 **** Incremental Build of configuration Debug for project MECSOL2024 ****
make -j8 all 
arm-none-eabi-gcc "../Core/Src/main.c" -mcpu=cortex-m4 -std=gnu11 -g3 -DDEBUG -DUSE_HAL_DRIVER -DSTM32F411xE -c -I../Core/Inc -IC:/Users/eduar/STM32Cube/Repository/STM32Cube_FW_F4_V1.28.0/Drivers/STM32F4xx_HAL_Driver/Inc -IC:/Users/eduar/STM32Cube/Repository/STM32Cube_FW_F4_V1.28.0/Drivers/STM32F4xx_HAL_Driver/Inc/Legacy -IC:/Users/eduar/STM32Cube/Repository/STM32Cube_FW_F4_V1.28.0/Drivers/CMSIS/Device/ST/STM32F4xx/Include -IC:/Users/eduar/STM32Cube/Repository/STM32Cube_FW_F4_V1.28.0/Drivers/CMSIS/Include -O0 -ffunction-sections -fdata-sections -Wall -fstack-usage -fcyclomatic-complexity -MMD -MP -MF"Core/Src/main.d" -MT"Core/Src/main.o" --specs=nano.specs -mfpu=fpv4-sp-d16 -mfloat-abi=hard -mthumb -o "Core/Src/main.o"
arm-none-eabi-gcc -o "MECSOL2024.elf" @"objects.list"   -mcpu=cortex-m4 -T"C:\Users\eduar\Documents\GitHub\GVT\AST_MPU6050_STM32\MECSOL2024\MECSOL2024\MECSOL2024\STM32F411RETX_FLASH.ld" --specs=nosys.specs -Wl,-Map="MECSOL2024.map" -Wl,--gc-sections -static --specs=nano.specs -mfpu=fpv4-sp-d16 -mfloat-abi=hard -mthumb -Wl,--start-group -lc -lm -Wl,--end-group
Finished building target: MECSOL2024.elf
 
arm-none-eabi-size  MECSOL2024.elf 
arm-none-eabi-objdump -h -S MECSOL2024.elf  > "MECSOL2024.list"
   text	   data	    bss	    dec	    hex	filename
  18228	    112	   2280	  20620	   508c	MECSOL2024.elf
Finished building: default.size.stdout
 
Finished building: MECSOL2024.list
 
