20:18:31 **** Incremental Build of configuration Debug for project MECSOL2024 ****
make -j8 all 
arm-none-eabi-size  MECSOL2024.elf 
   text	   data	    bss	    dec	    hex	filename
  31204	    488	   2304	  33996	   84cc	MECSOL2024.elf
Finished building: default.size.stdout
 
20:18:39 **** Incremental Build of configuration Debug for project MECSOL2024 ****
make -j8 all 
arm-none-eabi-size  MECSOL2024.elf 
   text	   data	    bss	    dec	    hex	filename
  31204	    488	   2304	  33996	   84cc	MECSOL2024.elf
Finished building: default.size.stdout
 
20:19:38 **** Incremental Build of configuration Debug for project MECSOL2024 ****
make -j8 all 
arm-none-eabi-size  MECSOL2024.elf 
   text	   data	    bss	    dec	    hex	filename
  31204	    488	   2304	  33996	   84cc	MECSOL2024.elf
Finished building: default.size.stdout
 
20:20:52 **** Incremental Build of configuration Debug for project MECSOL2024 ****
make -j8 all 
arm-none-eabi-size  MECSOL2024.elf 
   text	   data	    bss	    dec	    hex	filename
  31204	    488	   2304	  33996	   84cc	MECSOL2024.elf
Finished building: default.size.stdout
 
20:22:03 **** Incremental Build of configuration Debug for project MECSOL2024 ****
make -j8 all 
arm-none-eabi-size  MECSOL2024.elf 
   text	   data	    bss	    dec	    hex	filename
  31204	    488	   2304	  33996	   84cc	MECSOL2024.elf
Finished building: default.size.stdout
 
20:22:39 **** Incremental Build of configuration Debug for project MECSOL2024 ****
make -j8 all 
arm-none-eabi-size  MECSOL2024.elf 
   text	   data	    bss	    dec	    hex	filename
  31204	    488	   2304	  33996	   84cc	MECSOL2024.elf
Finished building: default.size.stdout
 
20:22:50 **** Incremental Build of configuration Debug for project MECSOL2024 ****
make -j8 all 
arm-none-eabi-size  MECSOL2024.elf 
   text	   data	    bss	    dec	    hex	filename
  31204	    488	   2304	  33996	   84cc	MECSOL2024.elf
Finished building: default.size.stdout
 
20:24:04 **** Incremental Build of configuration Debug for project MECSOL2024 ****
make -j8 all 
arm-none-eabi-size  MECSOL2024.elf 
   text	   data	    bss	    dec	    hex	filename
  31204	    488	   2304	  33996	   84cc	MECSOL2024.elf
Finished building: default.size.stdout
 
