13:31:06 **** Incremental Build of configuration Debug for project MECSOL2024 ****
make -j8 all 
arm-none-eabi-size  MECSOL2024.elf 
   text	   data	    bss	    dec	    hex	filename
  39700	    488	   3192	  43380	   a974	MECSOL2024.elf
Finished building: default.size.stdout
 
13:32:25 **** Incremental Build of configuration Debug for project MECSOL2024 ****
make -j8 all 
arm-none-eabi-size  MECSOL2024.elf 
   text	   data	    bss	    dec	    hex	filename
  39700	    488	   3192	  43380	   a974	MECSOL2024.elf
Finished building: default.size.stdout
 
13:33:40 **** Incremental Build of configuration Debug for project MECSOL2024 ****
make -j8 all 
arm-none-eabi-size  MECSOL2024.elf 
   text	   data	    bss	    dec	    hex	filename
  39700	    488	   3192	  43380	   a974	MECSOL2024.elf
Finished building: default.size.stdout
 
13:33:46 **** Incremental Build of configuration Debug for project MECSOL2024 ****
make -j8 all 
arm-none-eabi-size  MECSOL2024.elf 
   text	   data	    bss	    dec	    hex	filename
  39700	    488	   3192	  43380	   a974	MECSOL2024.elf
Finished building: default.size.stdout
 
13:35:02 **** Incremental Build of configuration Debug for project MECSOL2024 ****
make -j8 all 
arm-none-eabi-size  MECSOL2024.elf 
   text	   data	    bss	    dec	    hex	filename
  39700	    488	   3192	  43380	   a974	MECSOL2024.elf
Finished building: default.size.stdout
 
13:42:26 **** Incremental Build of configuration Debug for project MECSOL2024 ****
make -j8 all 
arm-none-eabi-size  MECSOL2024.elf 
   text	   data	    bss	    dec	    hex	filename
  39700	    488	   3192	  43380	   a974	MECSOL2024.elf
Finished building: default.size.stdout
 
13:42:57 **** Incremental Build of configuration Debug for project MECSOL2024 ****
make -j8 all 
arm-none-eabi-gcc "../Core/Src/main.c" -mcpu=cortex-m4 -std=gnu11 -g3 -DDEBUG -DUSE_HAL_DRIVER -DSTM32F411xE -c -I../Core/Inc -IC:/Users/ceccc/STM32Cube/Repository/STM32Cube_FW_F4_V1.28.0/Drivers/STM32F4xx_HAL_Driver/Inc -IC:/Users/ceccc/STM32Cube/Repository/STM32Cube_FW_F4_V1.28.0/Drivers/STM32F4xx_HAL_Driver/Inc/Legacy -IC:/Users/ceccc/STM32Cube/Repository/STM32Cube_FW_F4_V1.28.0/Drivers/CMSIS/Device/ST/STM32F4xx/Include -IC:/Users/ceccc/STM32Cube/Repository/STM32Cube_FW_F4_V1.28.0/Drivers/CMSIS/Include -O0 -ffunction-sections -fdata-sections -Wall -fstack-usage -fcyclomatic-complexity -MMD -MP -MF"Core/Src/main.d" -MT"Core/Src/main.o" --specs=nano.specs -mfpu=fpv4-sp-d16 -mfloat-abi=hard -mthumb -o "Core/Src/main.o"
arm-none-eabi-gcc -o "MECSOL2024.elf" @"objects.list"   -mcpu=cortex-m4 -T"C:\Users\ceccc\Documents\GitHub\AST_MPU6050_STM32\MECSOL2024\STM32F411RETX_FLASH.ld" --specs=nosys.specs -Wl,-Map="MECSOL2024.map" -Wl,--gc-sections -static --specs=nano.specs -mfpu=fpv4-sp-d16 -mfloat-abi=hard -mthumb -u _printf_float -u _scanf_float -Wl,--start-group -lc -lm -Wl,--end-group
Finished building target: MECSOL2024.elf
 
arm-none-eabi-size  MECSOL2024.elf 
arm-none-eabi-objdump -h -S MECSOL2024.elf  > "MECSOL2024.list"
   text	   data	    bss	    dec	    hex	filename
  39564	    488	   3192	  43244	   a8ec	MECSOL2024.elf
Finished building: default.size.stdout
 
Finished building: MECSOL2024.list
 
13:43:41 **** Incremental Build of configuration Debug for project MECSOL2024 ****
make -j8 all 
arm-none-eabi-gcc "../Core/Src/main.c" -mcpu=cortex-m4 -std=gnu11 -g3 -DDEBUG -DUSE_HAL_DRIVER -DSTM32F411xE -c -I../Core/Inc -IC:/Users/ceccc/STM32Cube/Repository/STM32Cube_FW_F4_V1.28.0/Drivers/STM32F4xx_HAL_Driver/Inc -IC:/Users/ceccc/STM32Cube/Repository/STM32Cube_FW_F4_V1.28.0/Drivers/STM32F4xx_HAL_Driver/Inc/Legacy -IC:/Users/ceccc/STM32Cube/Repository/STM32Cube_FW_F4_V1.28.0/Drivers/CMSIS/Device/ST/STM32F4xx/Include -IC:/Users/ceccc/STM32Cube/Repository/STM32Cube_FW_F4_V1.28.0/Drivers/CMSIS/Include -O0 -ffunction-sections -fdata-sections -Wall -fstack-usage -fcyclomatic-complexity -MMD -MP -MF"Core/Src/main.d" -MT"Core/Src/main.o" --specs=nano.specs -mfpu=fpv4-sp-d16 -mfloat-abi=hard -mthumb -o "Core/Src/main.o"
arm-none-eabi-gcc -o "MECSOL2024.elf" @"objects.list"   -mcpu=cortex-m4 -T"C:\Users\ceccc\Documents\GitHub\AST_MPU6050_STM32\MECSOL2024\STM32F411RETX_FLASH.ld" --specs=nosys.specs -Wl,-Map="MECSOL2024.map" -Wl,--gc-sections -static --specs=nano.specs -mfpu=fpv4-sp-d16 -mfloat-abi=hard -mthumb -u _printf_float -u _scanf_float -Wl,--start-group -lc -lm -Wl,--end-group
Finished building target: MECSOL2024.elf
 
arm-none-eabi-size  MECSOL2024.elf 
arm-none-eabi-objdump -h -S MECSOL2024.elf  > "MECSOL2024.list"
   text	   data	    bss	    dec	    hex	filename
  39588	    488	   3192	  43268	   a904	MECSOL2024.elf
Finished building: default.size.stdout
 
Finished building: MECSOL2024.list
 
13:47:07 **** Incremental Build of configuration Debug for project MECSOL2024 ****
make -j8 all 
arm-none-eabi-size  MECSOL2024.elf 
   text	   data	    bss	    dec	    hex	filename
  39588	    488	   3192	  43268	   a904	MECSOL2024.elf
Finished building: default.size.stdout
 
13:47:43 **** Incremental Build of configuration Debug for project MECSOL2024 ****
make -j8 all 
arm-none-eabi-gcc "../Core/Src/main.c" -mcpu=cortex-m4 -std=gnu11 -g3 -DDEBUG -DUSE_HAL_DRIVER -DSTM32F411xE -c -I../Core/Inc -IC:/Users/ceccc/STM32Cube/Repository/STM32Cube_FW_F4_V1.28.0/Drivers/STM32F4xx_HAL_Driver/Inc -IC:/Users/ceccc/STM32Cube/Repository/STM32Cube_FW_F4_V1.28.0/Drivers/STM32F4xx_HAL_Driver/Inc/Legacy -IC:/Users/ceccc/STM32Cube/Repository/STM32Cube_FW_F4_V1.28.0/Drivers/CMSIS/Device/ST/STM32F4xx/Include -IC:/Users/ceccc/STM32Cube/Repository/STM32Cube_FW_F4_V1.28.0/Drivers/CMSIS/Include -O0 -ffunction-sections -fdata-sections -Wall -fstack-usage -fcyclomatic-complexity -MMD -MP -MF"Core/Src/main.d" -MT"Core/Src/main.o" --specs=nano.specs -mfpu=fpv4-sp-d16 -mfloat-abi=hard -mthumb -o "Core/Src/main.o"
arm-none-eabi-gcc -o "MECSOL2024.elf" @"objects.list"   -mcpu=cortex-m4 -T"C:\Users\ceccc\Documents\GitHub\AST_MPU6050_STM32\MECSOL2024\STM32F411RETX_FLASH.ld" --specs=nosys.specs -Wl,-Map="MECSOL2024.map" -Wl,--gc-sections -static --specs=nano.specs -mfpu=fpv4-sp-d16 -mfloat-abi=hard -mthumb -u _printf_float -u _scanf_float -Wl,--start-group -lc -lm -Wl,--end-group
Finished building target: MECSOL2024.elf
 
arm-none-eabi-size  MECSOL2024.elf 
arm-none-eabi-objdump -h -S MECSOL2024.elf  > "MECSOL2024.list"
   text	   data	    bss	    dec	    hex	filename
  39684	    488	   3192	  43364	   a964	MECSOL2024.elf
Finished building: default.size.stdout
 
Finished building: MECSOL2024.list
 
13:48:12 **** Incremental Build of configuration Debug for project MECSOL2024 ****
make -j8 all 
arm-none-eabi-gcc "../Core/Src/main.c" -mcpu=cortex-m4 -std=gnu11 -g3 -DDEBUG -DUSE_HAL_DRIVER -DSTM32F411xE -c -I../Core/Inc -IC:/Users/ceccc/STM32Cube/Repository/STM32Cube_FW_F4_V1.28.0/Drivers/STM32F4xx_HAL_Driver/Inc -IC:/Users/ceccc/STM32Cube/Repository/STM32Cube_FW_F4_V1.28.0/Drivers/STM32F4xx_HAL_Driver/Inc/Legacy -IC:/Users/ceccc/STM32Cube/Repository/STM32Cube_FW_F4_V1.28.0/Drivers/CMSIS/Device/ST/STM32F4xx/Include -IC:/Users/ceccc/STM32Cube/Repository/STM32Cube_FW_F4_V1.28.0/Drivers/CMSIS/Include -O0 -ffunction-sections -fdata-sections -Wall -fstack-usage -fcyclomatic-complexity -MMD -MP -MF"Core/Src/main.d" -MT"Core/Src/main.o" --specs=nano.specs -mfpu=fpv4-sp-d16 -mfloat-abi=hard -mthumb -o "Core/Src/main.o"
arm-none-eabi-gcc -o "MECSOL2024.elf" @"objects.list"   -mcpu=cortex-m4 -T"C:\Users\ceccc\Documents\GitHub\AST_MPU6050_STM32\MECSOL2024\STM32F411RETX_FLASH.ld" --specs=nosys.specs -Wl,-Map="MECSOL2024.map" -Wl,--gc-sections -static --specs=nano.specs -mfpu=fpv4-sp-d16 -mfloat-abi=hard -mthumb -u _printf_float -u _scanf_float -Wl,--start-group -lc -lm -Wl,--end-group
Finished building target: MECSOL2024.elf
 
arm-none-eabi-size  MECSOL2024.elf 
arm-none-eabi-objdump -h -S MECSOL2024.elf  > "MECSOL2024.list"
   text	   data	    bss	    dec	    hex	filename
  39700	    488	   3192	  43380	   a974	MECSOL2024.elf
Finished building: default.size.stdout
 
Finished building: MECSOL2024.list
 
13:49:54 **** Incremental Build of configuration Debug for project MECSOL2024 ****
make -j8 all 
arm-none-eabi-gcc "../Core/Src/main.c" -mcpu=cortex-m4 -std=gnu11 -g3 -DDEBUG -DUSE_HAL_DRIVER -DSTM32F411xE -c -I../Core/Inc -IC:/Users/ceccc/STM32Cube/Repository/STM32Cube_FW_F4_V1.28.0/Drivers/STM32F4xx_HAL_Driver/Inc -IC:/Users/ceccc/STM32Cube/Repository/STM32Cube_FW_F4_V1.28.0/Drivers/STM32F4xx_HAL_Driver/Inc/Legacy -IC:/Users/ceccc/STM32Cube/Repository/STM32Cube_FW_F4_V1.28.0/Drivers/CMSIS/Device/ST/STM32F4xx/Include -IC:/Users/ceccc/STM32Cube/Repository/STM32Cube_FW_F4_V1.28.0/Drivers/CMSIS/Include -O0 -ffunction-sections -fdata-sections -Wall -fstack-usage -fcyclomatic-complexity -MMD -MP -MF"Core/Src/main.d" -MT"Core/Src/main.o" --specs=nano.specs -mfpu=fpv4-sp-d16 -mfloat-abi=hard -mthumb -o "Core/Src/main.o"
arm-none-eabi-gcc -o "MECSOL2024.elf" @"objects.list"   -mcpu=cortex-m4 -T"C:\Users\ceccc\Documents\GitHub\AST_MPU6050_STM32\MECSOL2024\STM32F411RETX_FLASH.ld" --specs=nosys.specs -Wl,-Map="MECSOL2024.map" -Wl,--gc-sections -static --specs=nano.specs -mfpu=fpv4-sp-d16 -mfloat-abi=hard -mthumb -u _printf_float -u _scanf_float -Wl,--start-group -lc -lm -Wl,--end-group
Finished building target: MECSOL2024.elf
 
arm-none-eabi-size  MECSOL2024.elf 
arm-none-eabi-objdump -h -S MECSOL2024.elf  > "MECSOL2024.list"
   text	   data	    bss	    dec	    hex	filename
  39820	    488	   3192	  43500	   a9ec	MECSOL2024.elf
Finished building: default.size.stdout
 
Finished building: MECSOL2024.list
 
14:39:21 **** Incremental Build of configuration Debug for project MECSOL2024 ****
make -j8 all 
arm-none-eabi-size  MECSOL2024.elf 
   text	   data	    bss	    dec	    hex	filename
  39820	    488	   3192	  43500	   a9ec	MECSOL2024.elf
Finished building: default.size.stdout
 
14:43:44 **** Incremental Build of configuration Debug for project MECSOL2024 ****
make -j8 all 
arm-none-eabi-gcc "../Core/Src/main.c" -mcpu=cortex-m4 -std=gnu11 -g3 -DDEBUG -DUSE_HAL_DRIVER -DSTM32F411xE -c -I../Core/Inc -IC:/Users/ceccc/STM32Cube/Repository/STM32Cube_FW_F4_V1.28.0/Drivers/STM32F4xx_HAL_Driver/Inc -IC:/Users/ceccc/STM32Cube/Repository/STM32Cube_FW_F4_V1.28.0/Drivers/STM32F4xx_HAL_Driver/Inc/Legacy -IC:/Users/ceccc/STM32Cube/Repository/STM32Cube_FW_F4_V1.28.0/Drivers/CMSIS/Device/ST/STM32F4xx/Include -IC:/Users/ceccc/STM32Cube/Repository/STM32Cube_FW_F4_V1.28.0/Drivers/CMSIS/Include -O0 -ffunction-sections -fdata-sections -Wall -fstack-usage -fcyclomatic-complexity -MMD -MP -MF"Core/Src/main.d" -MT"Core/Src/main.o" --specs=nano.specs -mfpu=fpv4-sp-d16 -mfloat-abi=hard -mthumb -o "Core/Src/main.o"
arm-none-eabi-gcc -o "MECSOL2024.elf" @"objects.list"   -mcpu=cortex-m4 -T"C:\Users\ceccc\Documents\GitHub\AST_MPU6050_STM32\MECSOL2024\STM32F411RETX_FLASH.ld" --specs=nosys.specs -Wl,-Map="MECSOL2024.map" -Wl,--gc-sections -static --specs=nano.specs -mfpu=fpv4-sp-d16 -mfloat-abi=hard -mthumb -u _printf_float -u _scanf_float -Wl,--start-group -lc -lm -Wl,--end-group
Finished building target: MECSOL2024.elf
 
arm-none-eabi-size  MECSOL2024.elf 
arm-none-eabi-objdump -h -S MECSOL2024.elf  > "MECSOL2024.list"
   text	   data	    bss	    dec	    hex	filename
  39820	    488	   3192	  43500	   a9ec	MECSOL2024.elf
Finished building: default.size.stdout
 
Finished building: MECSOL2024.list
 
14:55:29 **** Incremental Build of configuration Debug for project MECSOL2024 ****
make -j8 all 
arm-none-eabi-size  MECSOL2024.elf 
   text	   data	    bss	    dec	    hex	filename
  39820	    488	   3192	  43500	   a9ec	MECSOL2024.elf
Finished building: default.size.stdout
 
14:55:35 **** Incremental Build of configuration Debug for project MECSOL2024 ****
make -j8 all 
arm-none-eabi-size  MECSOL2024.elf 
   text	   data	    bss	    dec	    hex	filename
  39820	    488	   3192	  43500	   a9ec	MECSOL2024.elf
Finished building: default.size.stdout
 
14:57:39 **** Incremental Build of configuration Debug for project MECSOL2024 ****
make -j8 all 
arm-none-eabi-size  MECSOL2024.elf 
   text	   data	    bss	    dec	    hex	filename
  39820	    488	   3192	  43500	   a9ec	MECSOL2024.elf
Finished building: default.size.stdout
 
15:18:43 **** Incremental Build of configuration Debug for project MECSOL2024 ****
make -j8 all 
arm-none-eabi-size  MECSOL2024.elf 
   text	   data	    bss	    dec	    hex	filename
  39820	    488	   3192	  43500	   a9ec	MECSOL2024.elf
Finished building: default.size.stdout
 
15:42:15 **** Incremental Build of configuration Debug for project MECSOL2024 ****
make -j8 all 
arm-none-eabi-gcc "../Core/Src/main.c" -mcpu=cortex-m4 -std=gnu11 -g3 -DDEBUG -DUSE_HAL_DRIVER -DSTM32F411xE -c -I../Core/Inc -IC:/Users/ceccc/STM32Cube/Repository/STM32Cube_FW_F4_V1.28.0/Drivers/STM32F4xx_HAL_Driver/Inc -IC:/Users/ceccc/STM32Cube/Repository/STM32Cube_FW_F4_V1.28.0/Drivers/STM32F4xx_HAL_Driver/Inc/Legacy -IC:/Users/ceccc/STM32Cube/Repository/STM32Cube_FW_F4_V1.28.0/Drivers/CMSIS/Device/ST/STM32F4xx/Include -IC:/Users/ceccc/STM32Cube/Repository/STM32Cube_FW_F4_V1.28.0/Drivers/CMSIS/Include -O0 -ffunction-sections -fdata-sections -Wall -fstack-usage -fcyclomatic-complexity -MMD -MP -MF"Core/Src/main.d" -MT"Core/Src/main.o" --specs=nano.specs -mfpu=fpv4-sp-d16 -mfloat-abi=hard -mthumb -o "Core/Src/main.o"
arm-none-eabi-gcc -o "MECSOL2024.elf" @"objects.list"   -mcpu=cortex-m4 -T"C:\Users\ceccc\Documents\GitHub\AST_MPU6050_STM32\MECSOL2024\STM32F411RETX_FLASH.ld" --specs=nosys.specs -Wl,-Map="MECSOL2024.map" -Wl,--gc-sections -static --specs=nano.specs -mfpu=fpv4-sp-d16 -mfloat-abi=hard -mthumb -u _printf_float -u _scanf_float -Wl,--start-group -lc -lm -Wl,--end-group
Finished building target: MECSOL2024.elf
 
arm-none-eabi-size  MECSOL2024.elf 
arm-none-eabi-objdump -h -S MECSOL2024.elf  > "MECSOL2024.list"
   text	   data	    bss	    dec	    hex	filename
  39820	    488	   3192	  43500	   a9ec	MECSOL2024.elf
Finished building: default.size.stdout
 
Finished building: MECSOL2024.list
 
16:03:31 **** Incremental Build of configuration Debug for project MECSOL2024 ****
make -j8 all 
arm-none-eabi-gcc "../Core/Src/main.c" -mcpu=cortex-m4 -std=gnu11 -g3 -DDEBUG -DUSE_HAL_DRIVER -DSTM32F411xE -c -I../Core/Inc -IC:/Users/ceccc/STM32Cube/Repository/STM32Cube_FW_F4_V1.28.0/Drivers/STM32F4xx_HAL_Driver/Inc -IC:/Users/ceccc/STM32Cube/Repository/STM32Cube_FW_F4_V1.28.0/Drivers/STM32F4xx_HAL_Driver/Inc/Legacy -IC:/Users/ceccc/STM32Cube/Repository/STM32Cube_FW_F4_V1.28.0/Drivers/CMSIS/Device/ST/STM32F4xx/Include -IC:/Users/ceccc/STM32Cube/Repository/STM32Cube_FW_F4_V1.28.0/Drivers/CMSIS/Include -O0 -ffunction-sections -fdata-sections -Wall -fstack-usage -fcyclomatic-complexity -MMD -MP -MF"Core/Src/main.d" -MT"Core/Src/main.o" --specs=nano.specs -mfpu=fpv4-sp-d16 -mfloat-abi=hard -mthumb -o "Core/Src/main.o"
arm-none-eabi-gcc -o "MECSOL2024.elf" @"objects.list"   -mcpu=cortex-m4 -T"C:\Users\ceccc\Documents\GitHub\AST_MPU6050_STM32\MECSOL2024\STM32F411RETX_FLASH.ld" --specs=nosys.specs -Wl,-Map="MECSOL2024.map" -Wl,--gc-sections -static --specs=nano.specs -mfpu=fpv4-sp-d16 -mfloat-abi=hard -mthumb -u _printf_float -u _scanf_float -Wl,--start-group -lc -lm -Wl,--end-group
Finished building target: MECSOL2024.elf
 
arm-none-eabi-size  MECSOL2024.elf 
arm-none-eabi-objdump -h -S MECSOL2024.elf  > "MECSOL2024.list"
   text	   data	    bss	    dec	    hex	filename
  39820	    488	   3192	  43500	   a9ec	MECSOL2024.elf
Finished building: default.size.stdout
 
Finished building: MECSOL2024.list
 
16:22:10 **** Incremental Build of configuration Debug for project MECSOL2024 ****
make -j8 all 
arm-none-eabi-size  MECSOL2024.elf 
   text	   data	    bss	    dec	    hex	filename
  39820	    488	   3192	  43500	   a9ec	MECSOL2024.elf
Finished building: default.size.stdout
 
16:22:34 **** Incremental Build of configuration Debug for project MECSOL2024 ****
make -j8 all 
arm-none-eabi-size  MECSOL2024.elf 
   text	   data	    bss	    dec	    hex	filename
  39820	    488	   3192	  43500	   a9ec	MECSOL2024.elf
Finished building: default.size.stdout
 
16:23:34 **** Incremental Build of configuration Debug for project MECSOL2024 ****
make -j8 all 
arm-none-eabi-size  MECSOL2024.elf 
   text	   data	    bss	    dec	    hex	filename
  39820	    488	   3192	  43500	   a9ec	MECSOL2024.elf
Finished building: default.size.stdout
 
16:24:11 **** Incremental Build of configuration Debug for project MECSOL2024 ****
make -j8 all 
arm-none-eabi-gcc "../Core/Src/main.c" -mcpu=cortex-m4 -std=gnu11 -g3 -DDEBUG -DUSE_HAL_DRIVER -DSTM32F411xE -c -I../Core/Inc -IC:/Users/ceccc/STM32Cube/Repository/STM32Cube_FW_F4_V1.28.0/Drivers/STM32F4xx_HAL_Driver/Inc -IC:/Users/ceccc/STM32Cube/Repository/STM32Cube_FW_F4_V1.28.0/Drivers/STM32F4xx_HAL_Driver/Inc/Legacy -IC:/Users/ceccc/STM32Cube/Repository/STM32Cube_FW_F4_V1.28.0/Drivers/CMSIS/Device/ST/STM32F4xx/Include -IC:/Users/ceccc/STM32Cube/Repository/STM32Cube_FW_F4_V1.28.0/Drivers/CMSIS/Include -O0 -ffunction-sections -fdata-sections -Wall -fstack-usage -fcyclomatic-complexity -MMD -MP -MF"Core/Src/main.d" -MT"Core/Src/main.o" --specs=nano.specs -mfpu=fpv4-sp-d16 -mfloat-abi=hard -mthumb -o "Core/Src/main.o"
arm-none-eabi-gcc -o "MECSOL2024.elf" @"objects.list"   -mcpu=cortex-m4 -T"C:\Users\ceccc\Documents\GitHub\AST_MPU6050_STM32\MECSOL2024\STM32F411RETX_FLASH.ld" --specs=nosys.specs -Wl,-Map="MECSOL2024.map" -Wl,--gc-sections -static --specs=nano.specs -mfpu=fpv4-sp-d16 -mfloat-abi=hard -mthumb -u _printf_float -u _scanf_float -Wl,--start-group -lc -lm -Wl,--end-group
Finished building target: MECSOL2024.elf
 
arm-none-eabi-size  MECSOL2024.elf 
arm-none-eabi-objdump -h -S MECSOL2024.elf  > "MECSOL2024.list"
   text	   data	    bss	    dec	    hex	filename
  39820	    488	   3192	  43500	   a9ec	MECSOL2024.elf
Finished building: default.size.stdout
 
Finished building: MECSOL2024.list
 
16:25:00 **** Incremental Build of configuration Debug for project MECSOL2024 ****
make -j8 all 
arm-none-eabi-size  MECSOL2024.elf 
   text	   data	    bss	    dec	    hex	filename
  39820	    488	   3192	  43500	   a9ec	MECSOL2024.elf
Finished building: default.size.stdout
 
16:25:49 **** Incremental Build of configuration Debug for project MECSOL2024 ****
make -j8 all 
arm-none-eabi-size  MECSOL2024.elf 
   text	   data	    bss	    dec	    hex	filename
  39820	    488	   3192	  43500	   a9ec	MECSOL2024.elf
Finished building: default.size.stdout
 
16:27:17 **** Incremental Build of configuration Debug for project MECSOL2024 ****
make -j8 all 
arm-none-eabi-size  MECSOL2024.elf 
   text	   data	    bss	    dec	    hex	filename
  39820	    488	   3192	  43500	   a9ec	MECSOL2024.elf
Finished building: default.size.stdout
 
18:47:35 **** Incremental Build of configuration Debug for project MECSOL2024 ****
make -j8 all 
arm-none-eabi-gcc "../Core/Src/main.c" -mcpu=cortex-m4 -std=gnu11 -g3 -DDEBUG -DUSE_HAL_DRIVER -DSTM32F411xE -c -I../Core/Inc -IC:/Users/ceccc/STM32Cube/Repository/STM32Cube_FW_F4_V1.28.0/Drivers/STM32F4xx_HAL_Driver/Inc -IC:/Users/ceccc/STM32Cube/Repository/STM32Cube_FW_F4_V1.28.0/Drivers/STM32F4xx_HAL_Driver/Inc/Legacy -IC:/Users/ceccc/STM32Cube/Repository/STM32Cube_FW_F4_V1.28.0/Drivers/CMSIS/Device/ST/STM32F4xx/Include -IC:/Users/ceccc/STM32Cube/Repository/STM32Cube_FW_F4_V1.28.0/Drivers/CMSIS/Include -O0 -ffunction-sections -fdata-sections -Wall -fstack-usage -fcyclomatic-complexity -MMD -MP -MF"Core/Src/main.d" -MT"Core/Src/main.o" --specs=nano.specs -mfpu=fpv4-sp-d16 -mfloat-abi=hard -mthumb -o "Core/Src/main.o"
arm-none-eabi-gcc -o "MECSOL2024.elf" @"objects.list"   -mcpu=cortex-m4 -T"C:\Users\ceccc\Documents\GitHub\AST_MPU6050_STM32\MECSOL2024\STM32F411RETX_FLASH.ld" --specs=nosys.specs -Wl,-Map="MECSOL2024.map" -Wl,--gc-sections -static --specs=nano.specs -mfpu=fpv4-sp-d16 -mfloat-abi=hard -mthumb -u _printf_float -u _scanf_float -Wl,--start-group -lc -lm -Wl,--end-group
Finished building target: MECSOL2024.elf
 
arm-none-eabi-size  MECSOL2024.elf 
arm-none-eabi-objdump -h -S MECSOL2024.elf  > "MECSOL2024.list"
   text	   data	    bss	    dec	    hex	filename
  39820	    488	   3192	  43500	   a9ec	MECSOL2024.elf
Finished building: default.size.stdout
 
Finished building: MECSOL2024.list
 
18:48:53 **** Incremental Build of configuration Debug for project MECSOL2024 ****
make -j8 all 
arm-none-eabi-size  MECSOL2024.elf 
   text	   data	    bss	    dec	    hex	filename
  39820	    488	   3192	  43500	   a9ec	MECSOL2024.elf
Finished building: default.size.stdout
 
18:50:13 **** Incremental Build of configuration Debug for project MECSOL2024 ****
make -j8 all 
arm-none-eabi-size  MECSOL2024.elf 
   text	   data	    bss	    dec	    hex	filename
  39820	    488	   3192	  43500	   a9ec	MECSOL2024.elf
Finished building: default.size.stdout
 
18:52:14 **** Incremental Build of configuration Debug for project MECSOL2024 ****
make -j8 all 
arm-none-eabi-size  MECSOL2024.elf 
   text	   data	    bss	    dec	    hex	filename
  39820	    488	   3192	  43500	   a9ec	MECSOL2024.elf
Finished building: default.size.stdout
 
18:53:34 **** Incremental Build of configuration Debug for project MECSOL2024 ****
make -j8 all 
arm-none-eabi-gcc "../Core/Src/main.c" -mcpu=cortex-m4 -std=gnu11 -g3 -DDEBUG -DUSE_HAL_DRIVER -DSTM32F411xE -c -I../Core/Inc -IC:/Users/ceccc/STM32Cube/Repository/STM32Cube_FW_F4_V1.28.0/Drivers/STM32F4xx_HAL_Driver/Inc -IC:/Users/ceccc/STM32Cube/Repository/STM32Cube_FW_F4_V1.28.0/Drivers/STM32F4xx_HAL_Driver/Inc/Legacy -IC:/Users/ceccc/STM32Cube/Repository/STM32Cube_FW_F4_V1.28.0/Drivers/CMSIS/Device/ST/STM32F4xx/Include -IC:/Users/ceccc/STM32Cube/Repository/STM32Cube_FW_F4_V1.28.0/Drivers/CMSIS/Include -O0 -ffunction-sections -fdata-sections -Wall -fstack-usage -fcyclomatic-complexity -MMD -MP -MF"Core/Src/main.d" -MT"Core/Src/main.o" --specs=nano.specs -mfpu=fpv4-sp-d16 -mfloat-abi=hard -mthumb -o "Core/Src/main.o"
arm-none-eabi-gcc -o "MECSOL2024.elf" @"objects.list"   -mcpu=cortex-m4 -T"C:\Users\ceccc\Documents\GitHub\AST_MPU6050_STM32\MECSOL2024\STM32F411RETX_FLASH.ld" --specs=nosys.specs -Wl,-Map="MECSOL2024.map" -Wl,--gc-sections -static --specs=nano.specs -mfpu=fpv4-sp-d16 -mfloat-abi=hard -mthumb -u _printf_float -u _scanf_float -Wl,--start-group -lc -lm -Wl,--end-group
Finished building target: MECSOL2024.elf
 
arm-none-eabi-size  MECSOL2024.elf 
arm-none-eabi-objdump -h -S MECSOL2024.elf  > "MECSOL2024.list"
   text	   data	    bss	    dec	    hex	filename
  39820	    488	   3192	  43500	   a9ec	MECSOL2024.elf
Finished building: default.size.stdout
 
Finished building: MECSOL2024.list
 
18:54:15 **** Incremental Build of configuration Debug for project MECSOL2024 ****
make -j8 all 
arm-none-eabi-size  MECSOL2024.elf 
   text	   data	    bss	    dec	    hex	filename
  39820	    488	   3192	  43500	   a9ec	MECSOL2024.elf
Finished building: default.size.stdout
 
18:54:54 **** Incremental Build of configuration Debug for project MECSOL2024 ****
make -j8 all 
arm-none-eabi-gcc "../Core/Src/main.c" -mcpu=cortex-m4 -std=gnu11 -g3 -DDEBUG -DUSE_HAL_DRIVER -DSTM32F411xE -c -I../Core/Inc -IC:/Users/ceccc/STM32Cube/Repository/STM32Cube_FW_F4_V1.28.0/Drivers/STM32F4xx_HAL_Driver/Inc -IC:/Users/ceccc/STM32Cube/Repository/STM32Cube_FW_F4_V1.28.0/Drivers/STM32F4xx_HAL_Driver/Inc/Legacy -IC:/Users/ceccc/STM32Cube/Repository/STM32Cube_FW_F4_V1.28.0/Drivers/CMSIS/Device/ST/STM32F4xx/Include -IC:/Users/ceccc/STM32Cube/Repository/STM32Cube_FW_F4_V1.28.0/Drivers/CMSIS/Include -O0 -ffunction-sections -fdata-sections -Wall -fstack-usage -fcyclomatic-complexity -MMD -MP -MF"Core/Src/main.d" -MT"Core/Src/main.o" --specs=nano.specs -mfpu=fpv4-sp-d16 -mfloat-abi=hard -mthumb -o "Core/Src/main.o"
arm-none-eabi-gcc -o "MECSOL2024.elf" @"objects.list"   -mcpu=cortex-m4 -T"C:\Users\ceccc\Documents\GitHub\AST_MPU6050_STM32\MECSOL2024\STM32F411RETX_FLASH.ld" --specs=nosys.specs -Wl,-Map="MECSOL2024.map" -Wl,--gc-sections -static --specs=nano.specs -mfpu=fpv4-sp-d16 -mfloat-abi=hard -mthumb -u _printf_float -u _scanf_float -Wl,--start-group -lc -lm -Wl,--end-group
Finished building target: MECSOL2024.elf
 
arm-none-eabi-size  MECSOL2024.elf 
arm-none-eabi-objdump -h -S MECSOL2024.elf  > "MECSOL2024.list"
   text	   data	    bss	    dec	    hex	filename
  39820	    488	   3192	  43500	   a9ec	MECSOL2024.elf
Finished building: default.size.stdout
 
Finished building: MECSOL2024.list
 
18:55:04 **** Incremental Build of configuration Debug for project MECSOL2024 ****
make -j8 all 
arm-none-eabi-size  MECSOL2024.elf 
   text	   data	    bss	    dec	    hex	filename
  39820	    488	   3192	  43500	   a9ec	MECSOL2024.elf
Finished building: default.size.stdout
 
18:55:17 **** Incremental Build of configuration Debug for project MECSOL2024 ****
make -j8 all 
arm-none-eabi-size  MECSOL2024.elf 
   text	   data	    bss	    dec	    hex	filename
  39820	    488	   3192	  43500	   a9ec	MECSOL2024.elf
Finished building: default.size.stdout
 
18:56:18 **** Incremental Build of configuration Debug for project MECSOL2024 ****
make -j8 all 
arm-none-eabi-size  MECSOL2024.elf 
   text	   data	    bss	    dec	    hex	filename
  39820	    488	   3192	  43500	   a9ec	MECSOL2024.elf
Finished building: default.size.stdout
 
19:03:02 **** Incremental Build of configuration Debug for project MECSOL2024 ****
make -j8 all 
arm-none-eabi-gcc "../Core/Src/main.c" -mcpu=cortex-m4 -std=gnu11 -g3 -DDEBUG -DUSE_HAL_DRIVER -DSTM32F411xE -c -I../Core/Inc -IC:/Users/ceccc/STM32Cube/Repository/STM32Cube_FW_F4_V1.28.0/Drivers/STM32F4xx_HAL_Driver/Inc -IC:/Users/ceccc/STM32Cube/Repository/STM32Cube_FW_F4_V1.28.0/Drivers/STM32F4xx_HAL_Driver/Inc/Legacy -IC:/Users/ceccc/STM32Cube/Repository/STM32Cube_FW_F4_V1.28.0/Drivers/CMSIS/Device/ST/STM32F4xx/Include -IC:/Users/ceccc/STM32Cube/Repository/STM32Cube_FW_F4_V1.28.0/Drivers/CMSIS/Include -O0 -ffunction-sections -fdata-sections -Wall -fstack-usage -fcyclomatic-complexity -MMD -MP -MF"Core/Src/main.d" -MT"Core/Src/main.o" --specs=nano.specs -mfpu=fpv4-sp-d16 -mfloat-abi=hard -mthumb -o "Core/Src/main.o"
arm-none-eabi-gcc -o "MECSOL2024.elf" @"objects.list"   -mcpu=cortex-m4 -T"C:\Users\ceccc\Documents\GitHub\AST_MPU6050_STM32\MECSOL2024\STM32F411RETX_FLASH.ld" --specs=nosys.specs -Wl,-Map="MECSOL2024.map" -Wl,--gc-sections -static --specs=nano.specs -mfpu=fpv4-sp-d16 -mfloat-abi=hard -mthumb -u _printf_float -u _scanf_float -Wl,--start-group -lc -lm -Wl,--end-group
Finished building target: MECSOL2024.elf
 
arm-none-eabi-size  MECSOL2024.elf 
arm-none-eabi-objdump -h -S MECSOL2024.elf  > "MECSOL2024.list"
   text	   data	    bss	    dec	    hex	filename
  39820	    488	   3192	  43500	   a9ec	MECSOL2024.elf
Finished building: default.size.stdout
 
Finished building: MECSOL2024.list
 
19:04:12 **** Incremental Build of configuration Debug for project MECSOL2024 ****
make -j8 all 
arm-none-eabi-gcc "../Core/Src/main.c" -mcpu=cortex-m4 -std=gnu11 -g3 -DDEBUG -DUSE_HAL_DRIVER -DSTM32F411xE -c -I../Core/Inc -IC:/Users/ceccc/STM32Cube/Repository/STM32Cube_FW_F4_V1.28.0/Drivers/STM32F4xx_HAL_Driver/Inc -IC:/Users/ceccc/STM32Cube/Repository/STM32Cube_FW_F4_V1.28.0/Drivers/STM32F4xx_HAL_Driver/Inc/Legacy -IC:/Users/ceccc/STM32Cube/Repository/STM32Cube_FW_F4_V1.28.0/Drivers/CMSIS/Device/ST/STM32F4xx/Include -IC:/Users/ceccc/STM32Cube/Repository/STM32Cube_FW_F4_V1.28.0/Drivers/CMSIS/Include -O0 -ffunction-sections -fdata-sections -Wall -fstack-usage -fcyclomatic-complexity -MMD -MP -MF"Core/Src/main.d" -MT"Core/Src/main.o" --specs=nano.specs -mfpu=fpv4-sp-d16 -mfloat-abi=hard -mthumb -o "Core/Src/main.o"
arm-none-eabi-gcc -o "MECSOL2024.elf" @"objects.list"   -mcpu=cortex-m4 -T"C:\Users\ceccc\Documents\GitHub\AST_MPU6050_STM32\MECSOL2024\STM32F411RETX_FLASH.ld" --specs=nosys.specs -Wl,-Map="MECSOL2024.map" -Wl,--gc-sections -static --specs=nano.specs -mfpu=fpv4-sp-d16 -mfloat-abi=hard -mthumb -u _printf_float -u _scanf_float -Wl,--start-group -lc -lm -Wl,--end-group
Finished building target: MECSOL2024.elf
 
arm-none-eabi-size  MECSOL2024.elf 
arm-none-eabi-objdump -h -S MECSOL2024.elf  > "MECSOL2024.list"
   text	   data	    bss	    dec	    hex	filename
  39820	    488	   3192	  43500	   a9ec	MECSOL2024.elf
Finished building: default.size.stdout
 
Finished building: MECSOL2024.list
 
19:06:19 **** Incremental Build of configuration Debug for project MECSOL2024 ****
make -j8 all 
arm-none-eabi-size  MECSOL2024.elf 
   text	   data	    bss	    dec	    hex	filename
  39820	    488	   3192	  43500	   a9ec	MECSOL2024.elf
Finished building: default.size.stdout
 
19:08:10 **** Incremental Build of configuration Debug for project MECSOL2024 ****
make -j8 all 
arm-none-eabi-size  MECSOL2024.elf 
   text	   data	    bss	    dec	    hex	filename
  39820	    488	   3192	  43500	   a9ec	MECSOL2024.elf
Finished building: default.size.stdout
 
