18:38:05 **** Incremental Build of configuration Debug for project MECSOL2024 ****
make -j8 all 
arm-none-eabi-size  MECSOL2024.elf 
   text	   data	    bss	    dec	    hex	filename
  31340	    488	   2632	  34460	   869c	MECSOL2024.elf
Finished building: default.size.stdout
 
18:38:10 **** Incremental Build of configuration Debug for project MECSOL2024 ****
make -j8 all 
arm-none-eabi-size  MECSOL2024.elf 
   text	   data	    bss	    dec	    hex	filename
  31340	    488	   2632	  34460	   869c	MECSOL2024.elf
Finished building: default.size.stdout
 
18:40:49 **** Incremental Build of configuration Debug for project MECSOL2024 ****
make -j8 all 
arm-none-eabi-size  MECSOL2024.elf 
   text	   data	    bss	    dec	    hex	filename
  31340	    488	   2632	  34460	   869c	MECSOL2024.elf
Finished building: default.size.stdout
 
18:41:17 **** Incremental Build of configuration Debug for project MECSOL2024 ****
make -j8 all 
arm-none-eabi-size  MECSOL2024.elf 
   text	   data	    bss	    dec	    hex	filename
  31340	    488	   2632	  34460	   869c	MECSOL2024.elf
Finished building: default.size.stdout
 
18:43:27 **** Incremental Build of configuration Debug for project MECSOL2024 ****
make -j8 all 
arm-none-eabi-size  MECSOL2024.elf 
   text	   data	    bss	    dec	    hex	filename
  31340	    488	   2632	  34460	   869c	MECSOL2024.elf
Finished building: default.size.stdout
 
